/home/IC/SYSTEM/RTL/ALU/ALU.v
/home/IC/SYSTEM/RTL/ClkDiv/ClkDiv.v
/home/IC/SYSTEM/RTL/ASYC_FIFO/ASYC_FIFO.v
/home/IC/SYSTEM/RTL/ASYC_FIFO/FIFO_MEM.v
/home/IC/SYSTEM/RTL/ASYC_FIFO/FIFO_rptr_n_empty.v
/home/IC/SYSTEM/RTL/ASYC_FIFO/FIFO_wptr_n_full.v
/home/IC/SYSTEM/RTL/ASYC_FIFO/synchronizer.v
/home/IC/SYSTEM/RTL/CLKDIV_MUX/CLKDIV_MUX.v
/home/IC/SYSTEM/RTL/Clock_Gating/CLK_GATE.v
/home/IC/SYSTEM/RTL/DATA_SYNC/DATA_SYNC.v
/home/IC/SYSTEM/RTL/RegFile/RegFile.v
/home/IC/SYSTEM/RTL/RST_SYNC/RST_SYNC.v
/home/IC/SYSTEM/RTL/SYS_CTRL/SYS_CTRL.v
/home/IC/SYSTEM/RTL/UART_TOP/UART_RX/data_sampling.v
/home/IC/SYSTEM/RTL/UART_TOP/UART_RX/deserializer.v
/home/IC/SYSTEM/RTL/UART_TOP/UART_RX/edge_bit_counter.v
/home/IC/SYSTEM/RTL/UART_TOP/UART_RX/parityCheck.v
/home/IC/SYSTEM/RTL/UART_TOP/UART_RX/StopCheck.v
/home/IC/SYSTEM/RTL/UART_TOP/UART_RX/strtCheck.v
/home/IC/SYSTEM/RTL/UART_TOP/UART_RX/UART_RX.v
/home/IC/SYSTEM/RTL/UART_TOP/UART_RX/FSM_RX.v
/home/IC/SYSTEM/RTL/UART_TOP/UART_TX/UMUX.v
/home/IC/SYSTEM/RTL/UART_TOP/UART_TX/parityCalc.v
/home/IC/SYSTEM/RTL/UART_TOP/UART_TX/serializer.v
/home/IC/SYSTEM/RTL/UART_TOP/UART_TX/UART_TX.v
/home/IC/SYSTEM/RTL/UART_TOP/UART_TX/FSM.v
/home/IC/SYSTEM/RTL/UART_TOP/UART_TOP.v
/home/IC/SYSTEM/RTL/DFT_TOP/SYS_TOP_dft.v
/home/IC/SYSTEM/RTL/DFT_TOP/mux2X1.v
