 
****************************************
Report : area
Design : SYS_TOP
Version: K-2015.06
Date   : Sun Oct  5 01:36:38 2025
****************************************

Library(s) Used:

    scmetro_tsmc_cl013g_rvt_ss_1p08v_125c (File: /home/IC/tsmc_fb_cl013g_sc/aci/sc-m/synopsys/scmetro_tsmc_cl013g_rvt_ss_1p08v_125c.db)

Number of ports:                          903
Number of nets:                          2971
Number of cells:                         2047
Number of combinational cells:           1574
Number of sequential cells:               428
Number of macros/black boxes:               0
Number of buf/inv:                        295
Number of references:                      25

Combinational area:              14988.804873
Buf/Inv area:                     1167.286423
Noncombinational area:           13514.400024
Macro/Black Box area:                0.000000
Net Interconnect area:      undefined  (No wire load specified)

Total cell area:                 28503.204897
Total area:                 undefined

Hierarchical area distribution
------------------------------

                                  Global cell area            Local cell area
                                  -------------------  ------------------------------ 
Hierarchical cell                 Absolute    Percent  Combi-      Noncombi-   Black-
                                  Total       Total    national    national    boxes   Design
--------------------------------  ----------  -------  ----------  ----------  ------  ---------------------------------------
SYS_TOP                           28503.2049    100.0     77.6622      0.0000  0.0000  SYS_TOP
CMUX_unit                            88.2525      0.3     88.2525      0.0000  0.0000  CLKDIV_MUX
M0                                   16.4738      0.1     16.4738      0.0000  0.0000  mux2X1_1
M1                                   11.7670      0.0     11.7670      0.0000  0.0000  mux2X1_5
M2                                   16.4738      0.1     16.4738      0.0000  0.0000  mux2X1_4
M4                                   11.7670      0.0     11.7670      0.0000  0.0000  mux2X1_3
M5                                   11.7670      0.0     11.7670      0.0000  0.0000  mux2X1_2
M6                                   11.7670      0.0     11.7670      0.0000  0.0000  mux2X1_0
M7                                   11.7670      0.0     11.7670      0.0000  0.0000  mux2X1_7
M8                                   11.7670      0.0     11.7670      0.0000  0.0000  mux2X1_6
RST_SYNC_1                           65.8952      0.2      0.0000     65.8952  0.0000  RST_SYNC_test_1
RST_SYNC_2                           65.8952      0.2      0.0000     65.8952  0.0000  RST_SYNC_test_0
RX_CLkDIV                           798.9793      2.8    462.4431    229.4565  0.0000  ClkDiv_test_0
RX_CLkDIV/add_18                    107.0797      0.4    107.0797      0.0000  0.0000  ClkDiv_0_DW01_inc_1
TX_CLkDIV                           798.9793      2.8    462.4431    229.4565  0.0000  ClkDiv_test_1
TX_CLkDIV/add_18                    107.0797      0.4    107.0797      0.0000  0.0000  ClkDiv_1_DW01_inc_1
alu_unit                           5671.6941     19.9   1023.7290    560.1092  0.0000  ALU_test_1
alu_unit/add_43                     231.8099      0.8    231.8099      0.0000  0.0000  ALU_DW01_add_0
alu_unit/div_52                    1434.3973      5.0   1434.3973      0.0000  0.0000  ALU_DW_div_uns_0
alu_unit/mult_49                   2155.7144      7.6   1914.4909      0.0000  0.0000  ALU_DW02_mult_0
alu_unit/mult_49/FS_1               241.2235      0.8    241.2235      0.0000  0.0000  ALU_DW01_add_1
alu_unit/sub_46                     265.9342      0.9    265.9342      0.0000  0.0000  ALU_DW01_sub_0
clk_gate_unit                        45.8913      0.2      5.8835     40.0078  0.0000  CLK_GATE
data_sync_unit                      480.0936      1.7     84.7224    395.3712  0.0000  DATA_SYNC_test_1
fifo_unit                          8575.7899     30.1     14.1204      0.0000  0.0000  ASYC_FIFO_test_1
fifo_unit/U1                        587.1733      2.1    257.6973    329.4760  0.0000  FIFO_wptr_n_full_ADDR_WIDTH4_test_1
fifo_unit/U2                        580.1131      2.0    250.6371    329.4760  0.0000  FIFO_rptr_n_empty_ADDR_WIDTH4_test_1
fifo_unit/U3                       6735.4310     23.6   2518.1381   4217.2930  0.0000  FIFO_MEM_DATA_WIDTH8_ADDR_WIDTH4_test_1
fifo_unit/U4                        329.4760      1.2      0.0000    329.4760  0.0000  synchronizer_ADDR_WIDTH4_test_0
fifo_unit/U5                        329.4760      1.2      0.0000    329.4760  0.0000  synchronizer_ADDR_WIDTH4_test_1
regfile_u                          7082.5576     24.8   2572.2663   4510.2913  0.0000  RegFile_test_1
system_ctrl                         818.9832      2.9    550.6956    268.2876  0.0000  SYS_CTRL_test_1
uart_unit                          3828.9819     13.4      7.0602      0.0000  0.0000  UART_TOP_test_1
uart_unit/u_uart_rx                2549.9090      8.9      7.0602      0.0000  0.0000  UART_RX_test_1
uart_unit/u_uart_rx/u_StopCheck      44.7146      0.2     11.7670     32.9476  0.0000  StopCheck_test_1
uart_unit/u_uart_rx/u_data_sampling
                                    601.2937      2.1    469.5033    131.7904  0.0000  data_sampling_test_1
uart_unit/u_uart_rx/u_deserializer
                                    505.9810      1.8    242.4002    263.5808  0.0000  deserializer_test_1
uart_unit/u_uart_rx/u_edge_bit_counter
                                    638.9481      2.2    342.4197    296.5284  0.0000  edge_bit_counter_test_1
uart_unit/u_uart_rx/u_fsm_rx        569.5228      2.0    470.6800     98.8428  0.0000  FSM_RX_test_1
uart_unit/u_uart_rx/u_parityCheck   143.5574      0.5    110.6098     32.9476  0.0000  parityCheck_test_1
uart_unit/u_uart_rx/u_strtCheck      38.8311      0.1      5.8835     32.9476  0.0000  strtCheck_test_1
uart_unit/u_uart_tx                1272.0127      4.5      7.0602      0.0000  0.0000  UART_TX_test_1
uart_unit/u_uart_tx/U0              203.5691      0.7    104.7263     98.8428  0.0000  FSMT_test_1
uart_unit/u_uart_tx/U1               25.8874      0.1     25.8874      0.0000  0.0000  UMUX
uart_unit/u_uart_tx/U2              584.8199      2.1    222.3963    362.4236  0.0000  serializer_test_1
uart_unit/u_uart_tx/U3              450.6761      1.6    187.0953    263.5808  0.0000  parityCalc_test_1
--------------------------------  ----------  -------  ----------  ----------  ------  ---------------------------------------
Total                                                  14988.8049  13514.4000  0.0000

1
